---
source: tests/tests.rs
expression: symbols(&dwarf)

---
[
    "<&T as core::fmt::Debug>::fmt",
    "<&T as core::fmt::Debug>::fmt",
    "<&T as core::fmt::Debug>::fmt",
    "<&T as core::fmt::Debug>::fmt",
    "<&T as core::fmt::Debug>::fmt",
    "<&T as core::fmt::Debug>::fmt",
    "<&T as core::fmt::Debug>::fmt",
    "<&T as core::fmt::Debug>::fmt",
    "<&T as core::fmt::Debug>::fmt",
    "<&T as core::fmt::Debug>::fmt",
    "<&T as core::fmt::Debug>::fmt",
    "<&T as core::fmt::Debug>::fmt",
    "<&T as core::fmt::Debug>::fmt",
    "<&T as core::fmt::Debug>::fmt",
    "<&T as core::fmt::Display>::fmt",
    "<&T as core::fmt::Display>::fmt",
    "<&T as core::fmt::Display>::fmt",
    "<&T as core::fmt::UpperHex>::fmt",
    "<&[u8] as std::ffi::c_str::CString::new::SpecIntoVec>::into_vec",
    "<&mut W as core::fmt::Write>::write_char",
    "<&mut W as core::fmt::Write>::write_char",
    "<&mut W as core::fmt::Write>::write_char",
    "<&mut W as core::fmt::Write>::write_char",
    "<&mut W as core::fmt::Write>::write_char",
    "<&mut W as core::fmt::Write>::write_fmt",
    "<&mut W as core::fmt::Write>::write_fmt",
    "<&mut W as core::fmt::Write>::write_fmt",
    "<&mut W as core::fmt::Write>::write_fmt",
    "<&mut W as core::fmt::Write>::write_fmt",
    "<&mut W as core::fmt::Write>::write_str",
    "<&mut W as core::fmt::Write>::write_str",
    "<&mut W as core::fmt::Write>::write_str",
    "<&mut W as core::fmt::Write>::write_str",
    "<&mut W as core::fmt::Write>::write_str",
    "<&std::io::stdio::Stdout as std::io::Write>::write_fmt",
    "<() as std::process::Termination>::report",
    "<*mut T as core::fmt::Debug>::fmt",
    "<T as core::any::Any>::type_id",
    "<T as core::any::Any>::type_id",
    "<T as core::any::Any>::type_id",
    "<T as core::any::Any>::type_id",
    "<alloc::collections::btree::map::Dropper<K,V> as core::ops::drop::Drop>::drop::next_or_end",
    "<alloc::string::String as core::fmt::Debug>::fmt",
    "<alloc::string::String as core::fmt::Display>::fmt",
    "<char as core::fmt::Debug>::fmt",
    "<char as core::fmt::Display>::fmt",
    "<core::cell::BorrowError as core::fmt::Debug>::fmt",
    "<core::cell::BorrowMutError as core::fmt::Debug>::fmt",
    "<core::char::EscapeDebug as core::iter::traits::iterator::Iterator>::next",
    "<core::char::EscapeDefault as core::iter::traits::iterator::Iterator>::next",
    "<core::fmt::Arguments as core::fmt::Display>::fmt",
    "<core::fmt::Formatter as core::fmt::Write>::write_char",
    "<core::fmt::Formatter as core::fmt::Write>::write_fmt",
    "<core::fmt::Formatter as core::fmt::Write>::write_str",
    "<core::fmt::builders::PadAdapter as core::fmt::Write>::write_str",
    "<core::num::error::ParseIntError as core::fmt::Debug>::fmt",
    "<core::ops::range::Range<Idx> as core::fmt::Debug>::fmt",
    "<core::panic::Location as core::fmt::Display>::fmt",
    "<core::str::error::Utf8Error as core::fmt::Debug>::fmt",
    "<core::str::lossy::Utf8Lossy as core::fmt::Display>::fmt",
    "<core::str::lossy::Utf8LossyChunksIter as core::iter::traits::iterator::Iterator>::next",
    "<core::str::pattern::CharSearcher as core::str::pattern::Searcher>::next_match",
    "<gimli::read::abbrev::Attributes as core::ops::deref::Deref>::deref",
    "<gimli::read::unit::AttributeValue<R,Offset> as core::clone::Clone>::clone",
    "<rustc_demangle::Demangle as core::fmt::Display>::fmt",
    "<rustc_demangle::legacy::Demangle as core::fmt::Display>::fmt",
    "<rustc_demangle::v0::Ident as core::fmt::Display>::fmt",
    "<std::backtrace_rs::symbolize::SymbolName as core::fmt::Display>::fmt",
    "<std::ffi::c_str::NulError as core::fmt::Debug>::fmt",
    "<std::io::Write::write_fmt::Adaptor<T> as core::fmt::Write>::write_str",
    "<std::io::Write::write_fmt::Adaptor<T> as core::fmt::Write>::write_str",
    "<std::io::Write::write_fmt::Adaptor<T> as core::fmt::Write>::write_str",
    "<std::io::buffered::bufwriter::BufWriter<W> as std::io::Write>::write_all",
    "<std::io::error::Error as core::fmt::Debug>::fmt",
    "<std::io::error::Error as core::fmt::Display>::fmt",
    "<std::io::error::ErrorKind as core::fmt::Debug>::fmt",
    "<std::io::error::Repr as core::fmt::Debug>::fmt",
    "<std::io::stdio::StdoutLock as std::io::Write>::write_all",
    "<std::panicking::begin_panic::PanicPayload<A> as core::panic::BoxMeUp>::get",
    "<std::panicking::begin_panic::PanicPayload<A> as core::panic::BoxMeUp>::take_box",
    "<std::panicking::begin_panic_handler::PanicPayload as core::panic::BoxMeUp>::get",
    "<std::panicking::begin_panic_handler::PanicPayload as core::panic::BoxMeUp>::take_box",
    "<std::panicking::begin_panic_handler::StrPanicPayload as core::panic::BoxMeUp>::get",
    "<std::panicking::begin_panic_handler::StrPanicPayload as core::panic::BoxMeUp>::take_box",
    "<std::path::Component as core::cmp::PartialEq>::eq",
    "<std::path::Components as core::iter::traits::iterator::Iterator>::next",
    "<std::process::ExitCode as std::process::Termination>::report",
    "<std::sync::once::WaiterQueue as core::ops::drop::Drop>::drop",
    "<std::sys::unix::stdio::Stderr as std::io::Write>::flush",
    "<std::sys::unix::stdio::Stderr as std::io::Write>::is_write_vectored",
    "<std::sys::unix::stdio::Stderr as std::io::Write>::write",
    "<std::sys::unix::stdio::Stderr as std::io::Write>::write_vectored",
    "<std::sys::unix::stdio::Stdout as std::io::Write>::flush",
    "<std::sys_common::backtrace::_print::DisplayBacktrace as core::fmt::Display>::fmt",
    "<std::sys_common::os_str_bytes::Slice as core::fmt::Debug>::fmt",
    "<std::thread::local::AccessError as core::fmt::Debug>::fmt",
    "<str as core::fmt::Debug>::fmt",
    "<str as core::fmt::Display>::fmt",
    "DW.ref.rust_eh_personality",
    "GCC_except_table0",
    "GCC_except_table1",
    "GCC_except_table1003",
    "GCC_except_table1004",
    "GCC_except_table1007",
    "GCC_except_table1008",
    "GCC_except_table1013",
    "GCC_except_table1016",
    "GCC_except_table1017",
    "GCC_except_table1018",
    "GCC_except_table1030",
    "GCC_except_table12",
    "GCC_except_table120",
    "GCC_except_table121",
    "GCC_except_table1222",
    "GCC_except_table1247",
    "GCC_except_table1263",
    "GCC_except_table1294",
    "GCC_except_table1295",
    "GCC_except_table1340",
    "GCC_except_table1343",
    "GCC_except_table1344",
    "GCC_except_table1345",
    "GCC_except_table1349",
    "GCC_except_table137",
    "GCC_except_table14",
    "GCC_except_table153",
    "GCC_except_table2",
    "GCC_except_table209",
    "GCC_except_table214",
    "GCC_except_table217",
    "GCC_except_table222",
    "GCC_except_table268",
    "GCC_except_table277",
    "GCC_except_table295",
    "GCC_except_table296",
    "GCC_except_table297",
    "GCC_except_table30",
    "GCC_except_table324",
    "GCC_except_table346",
    "GCC_except_table417",
    "GCC_except_table420",
    "GCC_except_table491",
    "GCC_except_table521",
    "GCC_except_table54",
    "GCC_except_table546",
    "GCC_except_table547",
    "GCC_except_table55",
    "GCC_except_table57",
    "GCC_except_table605",
    "GCC_except_table609",
    "GCC_except_table634",
    "GCC_except_table650",
    "GCC_except_table651",
    "GCC_except_table652",
    "GCC_except_table653",
    "GCC_except_table657",
    "GCC_except_table658",
    "GCC_except_table9",
    "GCC_except_table904",
    "GCC_except_table907",
    "GCC_except_table908",
    "GCC_except_table939",
    "GCC_except_table94",
    "GCC_except_table941",
    "GCC_except_table942",
    "GCC_except_table945",
    "GCC_except_table96",
    "GCC_except_table980",
    "GCC_except_table981",
    "GCC_except_table982",
    "GCC_except_table986",
    "_DYNAMIC",
    "_GLOBAL_OFFSET_TABLE_",
    "__FRAME_END__",
    "__GNU_EH_FRAME_HDR",
    "__TMC_END__",
    "__abi_tag",
    "__bss_start",
    "__do_global_dtors_aux",
    "__do_global_dtors_aux_fini_array_entry",
    "__dso_handle",
    "__frame_dummy_init_array_entry",
    "__init_array_end",
    "__init_array_start",
    "__libc_csu_fini",
    "__libc_csu_init",
    "__rdl_alloc",
    "__rdl_alloc_zeroed",
    "__rdl_dealloc",
    "__rdl_realloc",
    "__rg_oom",
    "__rust_alloc",
    "__rust_alloc_error_handler",
    "__rust_alloc_zeroed",
    "__rust_dealloc",
    "__rust_drop_panic",
    "__rust_foreign_exception",
    "__rust_panic_cleanup",
    "__rust_realloc",
    "__rust_start_panic",
    "__rustc_debug_gdb_scripts_section__",
    "__udivti3",
    "__umodti3",
    "_edata",
    "_end",
    "_fini",
    "_init",
    "_rust_extern_with_linkage___dso_handle",
    "_start",
    "addr2line::Context<R>::from_dwarf",
    "addr2line::Function<R>::parse_children",
    "addr2line::RangeAttributes<R>::for_each_range::{{closure}}",
    "addr2line::RangeAttributes<R>::for_each_range::{{closure}}",
    "addr2line::RangeAttributes<R>::for_each_range::{{closure}}",
    "addr2line::ResUnit<R>::find_location",
    "addr2line::ResUnit<R>::parse_lines",
    "addr2line::ResUnit<R>::render_file",
    "addr2line::name_attr",
    "addr2line::path_push",
    "adler::Adler32::write_slice",
    "alloc::alloc::box_free",
    "alloc::alloc::box_free",
    "alloc::alloc::box_free",
    "alloc::alloc::box_free",
    "alloc::alloc::handle_alloc_error",
    "alloc::collections::btree::node::splitpoint",
    "alloc::raw_vec::capacity_overflow",
    "alloc::raw_vec::finish_grow",
    "alloc::raw_vec::finish_grow",
    "alloc::raw_vec::finish_grow",
    "alloc::raw_vec::finish_grow",
    "alloc::string::<impl core::convert::From<alloc::string::String> for alloc::vec::Vec<u8>>::from",
    "alloc::string::String::from_utf8_lossy",
    "alloc::sync::Arc<T>::drop_slow",
    "alloc::sync::Arc<T>::drop_slow",
    "alloc::vec::Vec<T,A>::insert",
    "completed.0",
    "core::fmt::ArgumentV1::from_usize",
    "core::fmt::Arguments::new_v1",
    "core::fmt::Formatter::alternate",
    "core::fmt::Formatter::debug_list",
    "core::fmt::Formatter::debug_lower_hex",
    "core::fmt::Formatter::debug_struct",
    "core::fmt::Formatter::debug_tuple",
    "core::fmt::Formatter::debug_upper_hex",
    "core::fmt::Formatter::pad",
    "core::fmt::Formatter::pad_integral",
    "core::fmt::Formatter::pad_integral::write_prefix",
    "core::fmt::Formatter::write_fmt",
    "core::fmt::Formatter::write_str",
    "core::fmt::Write::write_char",
    "core::fmt::Write::write_char",
    "core::fmt::Write::write_char",
    "core::fmt::Write::write_char",
    "core::fmt::Write::write_fmt",
    "core::fmt::Write::write_fmt",
    "core::fmt::Write::write_fmt",
    "core::fmt::Write::write_fmt",
    "core::fmt::builders::DebugInner::entry",
    "core::fmt::builders::DebugList::entry",
    "core::fmt::builders::DebugList::finish",
    "core::fmt::builders::DebugSet::entry",
    "core::fmt::builders::DebugStruct::field",
    "core::fmt::builders::DebugStruct::finish",
    "core::fmt::builders::DebugTuple::field",
    "core::fmt::builders::DebugTuple::finish",
    "core::fmt::num::<impl core::fmt::Debug for i32>::fmt",
    "core::fmt::num::<impl core::fmt::Debug for usize>::fmt",
    "core::fmt::num::<impl core::fmt::LowerHex for i32>::fmt",
    "core::fmt::num::<impl core::fmt::LowerHex for i64>::fmt",
    "core::fmt::num::<impl core::fmt::LowerHex for i8>::fmt",
    "core::fmt::num::<impl core::fmt::LowerHex for isize>::fmt",
    "core::fmt::num::<impl core::fmt::LowerHex for u32>::fmt",
    "core::fmt::num::<impl core::fmt::LowerHex for u64>::fmt",
    "core::fmt::num::<impl core::fmt::LowerHex for u8>::fmt",
    "core::fmt::num::<impl core::fmt::LowerHex for usize>::fmt",
    "core::fmt::num::<impl core::fmt::UpperHex for i32>::fmt",
    "core::fmt::num::<impl core::fmt::UpperHex for i64>::fmt",
    "core::fmt::num::<impl core::fmt::UpperHex for i8>::fmt",
    "core::fmt::num::<impl core::fmt::UpperHex for isize>::fmt",
    "core::fmt::num::<impl core::fmt::UpperHex for u32>::fmt",
    "core::fmt::num::<impl core::fmt::UpperHex for u64>::fmt",
    "core::fmt::num::<impl core::fmt::UpperHex for u8>::fmt",
    "core::fmt::num::<impl core::fmt::UpperHex for usize>::fmt",
    "core::fmt::num::imp::<impl core::fmt::Display for i32>::fmt",
    "core::fmt::num::imp::<impl core::fmt::Display for u32>::fmt",
    "core::fmt::num::imp::<impl core::fmt::Display for u64>::fmt",
    "core::fmt::num::imp::<impl core::fmt::Display for u8>::fmt",
    "core::fmt::num::imp::<impl core::fmt::Display for usize>::fmt",
    "core::fmt::write",
    "core::hint::black_box",
    "core::num::<impl core::str::traits::FromStr for u64>::from_str",
    "core::num::<impl core::str::traits::FromStr for usize>::from_str",
    "core::num::<impl u32>::from_str_radix",
    "core::num::from_str_radix",
    "core::ops::function::FnOnce::call_once",
    "core::ops::function::FnOnce::call_once",
    "core::ops::function::FnOnce::call_once",
    "core::ops::function::FnOnce::call_once{{vtable.shim}}",
    "core::ops::function::FnOnce::call_once{{vtable.shim}}",
    "core::ops::function::FnOnce::call_once{{vtable.shim}}",
    "core::ops::function::FnOnce::call_once{{vtable.shim}}",
    "core::ops::function::FnOnce::call_once{{vtable.shim}}",
    "core::ops::function::FnOnce::call_once{{vtable.shim}}",
    "core::ops::function::FnOnce::call_once{{vtable.shim}}",
    "core::ops::function::FnOnce::call_once{{vtable.shim}}",
    "core::ops::function::FnOnce::call_once{{vtable.shim}}",
    "core::option::Option<T>::unwrap",
    "core::option::Option<T>::unwrap",
    "core::option::expect_failed",
    "core::option::expect_none_failed",
    "core::panic::Location::caller",
    "core::panic::PanicInfo::location",
    "core::panic::PanicInfo::message",
    "core::panic::PanicInfo::payload",
    "core::panicking::assert_failed",
    "core::panicking::assert_failed",
    "core::panicking::assert_failed",
    "core::panicking::assert_failed_inner",
    "core::panicking::panic",
    "core::panicking::panic_bounds_check",
    "core::panicking::panic_fmt",
    "core::ptr::drop_in_place<&()>",
    "core::ptr::drop_in_place<&alloc::collections::btree::map::BTreeMap<u64,gimli::read::abbrev::Abbreviation>>",
    "core::ptr::drop_in_place<&core::iter::adapters::copied::Copied<core::slice::iter::Iter<u8>>>",
    "core::ptr::drop_in_place<&mut std::io::Write::write_fmt::Adaptor<alloc::vec::Vec<u8>>>",
    "core::ptr::drop_in_place<(gimli::read::unit::UnitOffset,addr2line::lazy::LazyCell<core::result::Result<addr2line::Function<gimli::read::endian_slice::EndianSlice<gimli::endianity::LittleEndian>>,gimli::read::Error>>)>",
    "core::ptr::drop_in_place<(u64,gimli::read::abbrev::Abbreviation)>",
    "core::ptr::drop_in_place<(usize,std::backtrace_rs::symbolize::gimli::Mapping)>",
    "core::ptr::drop_in_place<<alloc::vec::into_iter::IntoIter<T,A> as core::ops::drop::Drop>::drop::DropGuard<alloc::boxed::Box<dyn core::ops::function::FnOnce<()>+Output = ()>,alloc::alloc::Global>>",
    "core::ptr::drop_in_place<addr2line::FrameIter<gimli::read::endian_slice::EndianSlice<gimli::endianity::LittleEndian>>>",
    "core::ptr::drop_in_place<addr2line::LineSequence>",
    "core::ptr::drop_in_place<addr2line::ResUnit<gimli::read::endian_slice::EndianSlice<gimli::endianity::LittleEndian>>>",
    "core::ptr::drop_in_place<alloc::borrow::Cow<str>>",
    "core::ptr::drop_in_place<alloc::boxed::Box<alloc::collections::btree::node::InternalNode<u64,gimli::read::abbrev::Abbreviation>>>",
    "core::ptr::drop_in_place<alloc::boxed::Box<alloc::collections::btree::node::LeafNode<u64,gimli::read::abbrev::Abbreviation>>>",
    "core::ptr::drop_in_place<alloc::boxed::Box<dyn core::ops::function::FnOnce<()>+Output = ()>>",
    "core::ptr::drop_in_place<alloc::boxed::Box<panic_unwind::real_imp::Exception>>",
    "core::ptr::drop_in_place<alloc::raw_vec::RawVec<(usize,std::backtrace_rs::symbolize::gimli::Mapping)>>",
    "core::ptr::drop_in_place<alloc::string::String>",
    "core::ptr::drop_in_place<alloc::sync::Arc<std::sync::mutex::Mutex<alloc::vec::Vec<u8>>>>",
    "core::ptr::drop_in_place<alloc::vec::Vec<&addr2line::InlinedFunction<gimli::read::endian_slice::EndianSlice<gimli::endianity::LittleEndian>>>>",
    "core::ptr::drop_in_place<alloc::vec::Vec<(gimli::read::unit::UnitOffset,addr2line::lazy::LazyCell<core::result::Result<addr2line::Function<gimli::read::endian_slice::EndianSlice<gimli::endianity::LittleEndian>>,gimli::read::Error>>)>>",
    "core::ptr::drop_in_place<alloc::vec::Vec<addr2line::InlinedFunction<gimli::read::endian_slice::EndianSlice<gimli::endianity::LittleEndian>>>>",
    "core::ptr::drop_in_place<alloc::vec::Vec<addr2line::LineSequence>>",
    "core::ptr::drop_in_place<alloc::vec::Vec<addr2line::ResUnit<gimli::read::endian_slice::EndianSlice<gimli::endianity::LittleEndian>>>>",
    "core::ptr::drop_in_place<alloc::vec::Vec<addr2line::UnitRange>>",
    "core::ptr::drop_in_place<alloc::vec::Vec<alloc::slice::merge_sort::Run>>",
    "core::ptr::drop_in_place<alloc::vec::Vec<alloc::string::String>>",
    "core::ptr::drop_in_place<alloc::vec::Vec<gimli::read::abbrev::AttributeSpecification>>",
    "core::ptr::drop_in_place<alloc::vec::Vec<gimli::read::line::FileEntry<gimli::read::endian_slice::EndianSlice<gimli::endianity::LittleEndian>,usize>>>",
    "core::ptr::drop_in_place<alloc::vec::Vec<gimli::read::line::FileEntryFormat>>",
    "core::ptr::drop_in_place<alloc::vec::Vec<gimli::read::unit::AttributeValue<gimli::read::endian_slice::EndianSlice<gimli::endianity::LittleEndian>,usize>>>",
    "core::ptr::drop_in_place<alloc::vec::into_iter::IntoIter<(*mut u8,unsafe extern \"C\" fn(*mut u8))>>",
    "core::ptr::drop_in_place<alloc::vec::into_iter::IntoIter<alloc::boxed::Box<dyn core::ops::function::FnOnce<()>+Output = ()>>>",
    "core::ptr::drop_in_place<core::cell::RefMut<core::option::Option<std::sys_common::thread_info::ThreadInfo>>>",
    "core::ptr::drop_in_place<core::option::Option<gimli::read::line::IncompleteLineProgram<gimli::read::endian_slice::EndianSlice<gimli::endianity::LittleEndian>,usize>>>",
    "core::ptr::drop_in_place<core::option::Option<std::ffi::c_str::CString>>",
    "core::ptr::drop_in_place<core::option::Option<std::sys_common::thread_info::ThreadInfo>>",
    "core::ptr::drop_in_place<core::option::Option<std::thread::Thread>>",
    "core::ptr::drop_in_place<core::result::Result<addr2line::Functions<gimli::read::endian_slice::EndianSlice<gimli::endianity::LittleEndian>>,gimli::read::Error>>",
    "core::ptr::drop_in_place<core::result::Result<addr2line::Lines,gimli::read::Error>>",
    "core::ptr::drop_in_place<core::result::Result<i32,alloc::boxed::Box<dyn core::any::Any+core::marker::Send>>>",
    "core::ptr::drop_in_place<core::result::Result<std::path::PathBuf,std::io::error::Error>>",
    "core::ptr::drop_in_place<core::slice::sort::CopyOnDrop<std::backtrace_rs::symbolize::gimli::elf::ParsedSym>>",
    "core::ptr::drop_in_place<gimli::read::abbrev::Abbreviation>",
    "core::ptr::drop_in_place<gimli::read::abbrev::Abbreviations>",
    "core::ptr::drop_in_place<gimli::read::abbrev::Attributes>",
    "core::ptr::drop_in_place<gimli::read::abbrev::Attributes>",
    "core::ptr::drop_in_place<gimli::read::dwarf::Unit<gimli::read::endian_slice::EndianSlice<gimli::endianity::LittleEndian>,usize>>",
    "core::ptr::drop_in_place<gimli::read::line::IncompleteLineProgram<gimli::read::endian_slice::EndianSlice<gimli::endianity::LittleEndian>,usize>>",
    "core::ptr::drop_in_place<gimli::read::line::LineRows<gimli::read::endian_slice::EndianSlice<gimli::endianity::LittleEndian>,gimli::read::line::IncompleteLineProgram<gimli::read::endian_slice::EndianSlice<gimli::endianity::LittleEndian>,usize>,usize>>",
    "core::ptr::drop_in_place<panic_unwind::real_imp::find_eh_action::{{closure}}>",
    "core::ptr::drop_in_place<std::backtrace_rs::Bomb>",
    "core::ptr::drop_in_place<std::backtrace_rs::print::BacktraceFrameFmt>",
    "core::ptr::drop_in_place<std::backtrace_rs::symbolize::gimli::Library>",
    "core::ptr::drop_in_place<std::backtrace_rs::symbolize::gimli::Mapping>",
    "core::ptr::drop_in_place<std::backtrace_rs::symbolize::gimli::elf::Object>",
    "core::ptr::drop_in_place<std::backtrace_rs::symbolize::gimli::mmap::Mmap>",
    "core::ptr::drop_in_place<std::backtrace_rs::symbolize::gimli::stash::Stash>",
    "core::ptr::drop_in_place<std::error::<impl core::convert::From<alloc::string::String> for alloc::boxed::Box<dyn std::error::Error+core::marker::Sync+core::marker::Send>>::from::StringError>",
    "core::ptr::drop_in_place<std::ffi::c_str::CString>",
    "core::ptr::drop_in_place<std::ffi::c_str::NulError>",
    "core::ptr::drop_in_place<std::fs::File>",
    "core::ptr::drop_in_place<std::io::Write::write_fmt::Adaptor<&mut [u8]>>",
    "core::ptr::drop_in_place<std::io::buffered::bufwriter::BufWriter<W>::flush_buf::BufGuard>",
    "core::ptr::drop_in_place<std::io::buffered::linewriter::LineWriter<std::io::stdio::StdoutRaw>>",
    "core::ptr::drop_in_place<std::io::error::Error>",
    "core::ptr::drop_in_place<std::io::stdio::StdinLock>",
    "core::ptr::drop_in_place<std::io::stdio::set_output_capture::{{closure}}>",
    "core::ptr::drop_in_place<std::panicking::begin_panic_handler::PanicPayload>",
    "core::ptr::drop_in_place<std::rt::lang_start<()>::{{closure}}>",
    "core::ptr::drop_in_place<std::sync::once::Waiter>",
    "core::ptr::drop_in_place<std::sync::once::WaiterQueue>",
    "core::ptr::drop_in_place<std::sys::unix::mutex::PthreadMutexAttr>",
    "core::ptr::drop_in_place<std::sys_common::backtrace::_print_fmt::{{closure}}>",
    "core::ptr::drop_in_place<std::sys_common::mutex::StaticMutexGuard>",
    "core::ptr::drop_in_place<std::sys_common::remutex::ReentrantMutexGuard<core::cell::RefCell<std::io::buffered::linewriter::LineWriter<std::io::stdio::StdoutRaw>>>>",
    "core::ptr::drop_in_place<std::sys_common::rwlock::RWLockReadGuard>",
    "core::ptr::drop_in_place<std::sys_common::thread_info::set::{{closure}}>",
    "core::ptr::drop_in_place<std::thread::Thread>",
    "core::result::unwrap_failed",
    "core::slice::<impl [T]>::copy_from_slice::len_mismatch_fail",
    "core::slice::index::slice_end_index_len_fail",
    "core::slice::index::slice_index_order_fail",
    "core::slice::index::slice_start_index_len_fail",
    "core::slice::memchr::memchr_general_case",
    "core::slice::sort::break_patterns",
    "core::slice::sort::heapsort",
    "core::slice::sort::partial_insertion_sort",
    "core::slice::sort::recurse",
    "core::str::<impl str>::contains",
    "core::str::converts::from_utf8",
    "core::str::lossy::Utf8Lossy::chunks",
    "core::str::lossy::Utf8Lossy::from_bytes",
    "core::str::pattern::StrSearcher::new",
    "core::str::slice_error_fail",
    "core::str::traits::str_index_overflow_fail",
    "core::str::validations::UTF8_CHAR_WIDTH",
    "core::unicode::printable::is_printable",
    "core::unicode::unicode_data::cc::lookup",
    "core::unicode::unicode_data::grapheme_extend::OFFSETS",
    "core::unicode::unicode_data::grapheme_extend::SHORT_OFFSET_RUNS",
    "core::unicode::unicode_data::grapheme_extend::lookup",
    "core::unicode::unicode_data::white_space::SHORT_OFFSET_RUNS",
    "deregister_tm_clones",
    "frame_dummy",
    "fstat64",
    "gimli::common::SectionId::name",
    "gimli::read::abbrev::Abbreviation::new",
    "gimli::read::abbrev::Abbreviations::empty",
    "gimli::read::abbrev::Abbreviations::insert",
    "gimli::read::abbrev::Attributes::new",
    "gimli::read::abbrev::Attributes::push",
    "gimli::read::dwarf::Dwarf<R>::attr_string",
    "gimli::read::line::FileEntry<R,Offset>::parse",
    "gimli::read::line::FileEntryFormat::parse",
    "gimli::read::line::LineRow::apply_line_advance",
    "gimli::read::line::parse_attribute",
    "gimli::read::reader::Reader::read_address",
    "gimli::read::rnglists::RngListIter<R>::next",
    "gimli::read::unit::Attribute<R>::value",
    "gimli::read::unit::allow_section_offset",
    "gimli::read::unit::parse_attribute",
    "hello_world::main",
    "main",
    "miniz_oxide::inflate::core::DecompressorOxide::new",
    "miniz_oxide::inflate::core::apply_match",
    "miniz_oxide::inflate::core::decompress",
    "miniz_oxide::inflate::core::init_tree",
    "miniz_oxide::inflate::core::transfer",
    "object::read::util::StringTable::get",
    "object::read::util::StringTable::new",
    "panic_unwind::dwarf::eh::read_encoded_pointer",
    "panic_unwind::real_imp::find_eh_action::{{closure}}",
    "panic_unwind::real_imp::find_eh_action::{{closure}}",
    "panic_unwind::real_imp::panic::exception_cleanup",
    "register_tm_clones",
    "rust_begin_unwind",
    "rust_eh_personality",
    "rust_oom",
    "rust_panic",
    "rustc_demangle::Demangle::as_str",
    "rustc_demangle::demangle",
    "rustc_demangle::try_demangle",
    "rustc_demangle::v0::Parser::ident",
    "rustc_demangle::v0::Parser::skip_const",
    "rustc_demangle::v0::Parser::skip_path",
    "rustc_demangle::v0::Parser::skip_type",
    "rustc_demangle::v0::Printer::print_const",
    "rustc_demangle::v0::Printer::print_const_uint",
    "rustc_demangle::v0::Printer::print_dyn_trait",
    "rustc_demangle::v0::Printer::print_generic_arg",
    "rustc_demangle::v0::Printer::print_lifetime_from_index",
    "rustc_demangle::v0::Printer::print_path",
    "rustc_demangle::v0::Printer::print_path_maybe_open_generics",
    "rustc_demangle::v0::Printer::print_type",
    "rustc_demangle::v0::Printer::print_type::{{closure}}",
    "std::alloc::HOOK",
    "std::alloc::default_alloc_error_hook",
    "std::backtrace_rs::backtrace::libunwind::trace::trace_fn",
    "std::backtrace_rs::print::BacktraceFrameFmt::print_raw_with_column",
    "std::backtrace_rs::symbolize::Symbol::name",
    "std::backtrace_rs::symbolize::gimli::Cache::with_global::MAPPINGS_CACHE",
    "std::backtrace_rs::symbolize::gimli::callback",
    "std::backtrace_rs::symbolize::gimli::elf::Object::section",
    "std::backtrace_rs::symbolize::gimli::resolve",
    "std::backtrace_rs::symbolize::gimli::resolve::{{closure}}",
    "std::backtrace_rs::symbolize::gimli::stash::Stash::allocate",
    "std::env::current_dir",
    "std::ffi::c_str::CString::from_vec_unchecked",
    "std::fs::OpenOptions::_open",
    "std::io::Write::write_all",
    "std::io::Write::write_all_vectored",
    "std::io::Write::write_all_vectored",
    "std::io::Write::write_fmt",
    "std::io::Write::write_fmt",
    "std::io::buffered::bufwriter::BufWriter<W>::flush_buf",
    "std::io::impls::<impl std::io::Write for alloc::vec::Vec<u8,A>>::flush",
    "std::io::impls::<impl std::io::Write for alloc::vec::Vec<u8,A>>::is_write_vectored",
    "std::io::impls::<impl std::io::Write for alloc::vec::Vec<u8,A>>::write",
    "std::io::impls::<impl std::io::Write for alloc::vec::Vec<u8,A>>::write_all",
    "std::io::impls::<impl std::io::Write for alloc::vec::Vec<u8,A>>::write_vectored",
    "std::io::stdio::OUTPUT_CAPTURE_USED.0.0",
    "std::io::stdio::_print",
    "std::io::stdio::stdout::INSTANCE",
    "std::panicking::HOOK",
    "std::panicking::HOOK_LOCK",
    "std::panicking::begin_panic",
    "std::panicking::begin_panic::{{closure}}",
    "std::panicking::begin_panic_fmt",
    "std::panicking::begin_panic_handler::{{closure}}",
    "std::panicking::default_hook",
    "std::panicking::default_hook::{{closure}}",
    "std::panicking::default_hook::{{closure}}::FIRST_PANIC",
    "std::panicking::panic_count::GLOBAL_PANIC_COUNT",
    "std::panicking::panic_count::is_zero_slow_path",
    "std::panicking::rust_panic_with_hook",
    "std::panicking::try::cleanup",
    "std::path::Components::as_path",
    "std::path::Components::len_before_body",
    "std::path::Components::parse_next_component_back",
    "std::path::Path::_strip_prefix",
    "std::process::abort",
    "std::rt::lang_start",
    "std::rt::lang_start::{{closure}}",
    "std::rt::lang_start_internal",
    "std::sync::once::Once::call_inner",
    "std::sync::once::Once::call_once::{{closure}}",
    "std::sync::once::Once::call_once_force::{{closure}}",
    "std::sys::unix::abort_internal",
    "std::sys::unix::args::imp::ARGC",
    "std::sys::unix::args::imp::ARGV",
    "std::sys::unix::args::imp::ARGV_INIT_ARRAY",
    "std::sys::unix::args::imp::ARGV_INIT_ARRAY::init_wrapper",
    "std::sys::unix::args::imp::LOCK",
    "std::sys::unix::decode_error_kind",
    "std::sys::unix::fs::File::open_c",
    "std::sys::unix::fs::readlink",
    "std::sys::unix::fs::try_statx",
    "std::sys::unix::fs::try_statx::STATX_STATE.0.0",
    "std::sys::unix::fs::try_statx::statx::statx",
    "std::sys::unix::mutex::ReentrantMutex::init",
    "std::sys::unix::os::ENV_LOCK",
    "std::sys::unix::os::error_string",
    "std::sys::unix::os::getenv",
    "std::sys::unix::process::process_common::ExitCode::as_i32",
    "std::sys::unix::stack_overflow::imp::MAIN_ALTSTACK",
    "std::sys::unix::stack_overflow::imp::NEED_ALTSTACK.0.0",
    "std::sys::unix::stack_overflow::imp::make_handler",
    "std::sys::unix::stack_overflow::imp::signal_handler",
    "std::sys::unix::thread::guard::PAGE_SIZE",
    "std::sys::unix::thread_local_dtor::register_dtor",
    "std::sys::unix::weak::Weak<F>::initialize",
    "std::sys_common::at_exit_imp::LOCK",
    "std::sys_common::at_exit_imp::QUEUE",
    "std::sys_common::backtrace::__rust_begin_short_backtrace",
    "std::sys_common::backtrace::__rust_end_short_backtrace",
    "std::sys_common::backtrace::__rust_end_short_backtrace",
    "std::sys_common::backtrace::_print_fmt::{{closure}}",
    "std::sys_common::backtrace::_print_fmt::{{closure}}",
    "std::sys_common::backtrace::_print_fmt::{{closure}}::{{closure}}",
    "std::sys_common::backtrace::lock::LOCK",
    "std::sys_common::backtrace::output_filename",
    "std::sys_common::backtrace::rust_backtrace_env::ENABLED",
    "std::sys_common::cleanup::CLEANUP",
    "std::sys_common::thread_info::ThreadInfo::with::{{closure}}",
    "std::sys_common::thread_info::set",
    "std::sys_common::thread_local_dtor::register_dtor_fallback::DTORS",
    "std::sys_common::thread_local_dtor::register_dtor_fallback::run_dtors",
    "std::sys_common::thread_local_key::StaticKey::lazy_init",
    "std::sys_common::util::abort",
    "std::sys_common::util::dumb_print",
    "std::thread::Thread::new",
    "std::thread::ThreadId::new::COUNTER",
    "std::thread::ThreadId::new::GUARD",
    "std::thread::local::fast::Key<T>::try_initialize",
    "std::thread::local::fast::Key<T>::try_initialize",
    "std::thread::local::fast::Key<T>::try_initialize",
    "std::thread::local::fast::destroy_value",
    "std::thread::local::fast::destroy_value",
    "str.5",
    "str.6",
]
